Acrobatic											CATEGORY:FEAT		TYPE:General																																																																																																																								DESC:You are skilled at leaping, jumping, and flying.																																																																																																																																																																																																																																																																										BONUS:SKILL|Acrobatics|if(skillinfo("TOTALRANK","Acrobatics")>=10,4,2)	BONUS:SKILL|Fly|if(skillinfo("TOTALRANK","Fly")>=10,4,2)																																																									SOURCEPAGE:p.113																																																																					BENEFIT:You get a +2 bonus on all Acrobatics and Fly skill checks. If you have 10 or more ranks in one of these skills, the bonus increases to +4 for that skill.

Alertness											CATEGORY:FEAT		TYPE:General																																																																																																																								DESC:You often notice things that others might miss.																																																																																																																																																																																																																																																																										BONUS:SKILL|Perception|if(skillinfo("TOTALRANK","Perception")>=10,4,2)	BONUS:SKILL|Sense Motive|if(skillinfo("TOTALRANK","Sense Motive")>=10,4,2)																																																						SOURCEPAGE:p.117																																																																					BENEFIT:You get a +2 bonus on Perception and Sense Motive skill checks. If you have 10 or more ranks in one of these skills, the bonus increases to +4 for that skill.
